###############################################################################
#
# IAR ELF Linker V8.40.1.212/W32 for ARM                  07/Jun/2020  18:58:15
# Copyright 2007-2019 IAR Systems AB.
#
#    Output file  =
#        D:\HocLapTrinhViDieuKhien\HocLapTrinhSTM32\NUCLEO-L476RG\ReaderNFC\ReaderNFC\EWARM\ReaderNFC\Exe\ReaderNFC.out
#    Map file     =
#        D:\HocLapTrinhViDieuKhien\HocLapTrinhSTM32\NUCLEO-L476RG\ReaderNFC\ReaderNFC\EWARM\ReaderNFC\List\ReaderNFC.map
#    Command line =
#        -f C:\Users\ANC\AppData\Local\Temp\EWED5B.tmp
#        (D:\HocLapTrinhViDieuKhien\HocLapTrinhSTM32\NUCLEO-L476RG\ReaderNFC\ReaderNFC\EWARM\ReaderNFC\Obj\bcdencode.o
#        D:\HocLapTrinhViDieuKhien\HocLapTrinhSTM32\NUCLEO-L476RG\ReaderNFC\ReaderNFC\EWARM\ReaderNFC\Obj\i2c-lcd.o
#        D:\HocLapTrinhViDieuKhien\HocLapTrinhSTM32\NUCLEO-L476RG\ReaderNFC\ReaderNFC\EWARM\ReaderNFC\Obj\main.o
#        D:\HocLapTrinhViDieuKhien\HocLapTrinhSTM32\NUCLEO-L476RG\ReaderNFC\ReaderNFC\EWARM\ReaderNFC\Obj\ndef.o
#        D:\HocLapTrinhViDieuKhien\HocLapTrinhSTM32\NUCLEO-L476RG\ReaderNFC\ReaderNFC\EWARM\ReaderNFC\Obj\nfcm1833_module.o
#        D:\HocLapTrinhViDieuKhien\HocLapTrinhSTM32\NUCLEO-L476RG\ReaderNFC\ReaderNFC\EWARM\ReaderNFC\Obj\nfcm1833tiny.o
#        D:\HocLapTrinhViDieuKhien\HocLapTrinhSTM32\NUCLEO-L476RG\ReaderNFC\ReaderNFC\EWARM\ReaderNFC\Obj\nfcm1833tinz.o
#        D:\HocLapTrinhViDieuKhien\HocLapTrinhSTM32\NUCLEO-L476RG\ReaderNFC\ReaderNFC\EWARM\ReaderNFC\Obj\startup_stm32l476xx.o
#        D:\HocLapTrinhViDieuKhien\HocLapTrinhSTM32\NUCLEO-L476RG\ReaderNFC\ReaderNFC\EWARM\ReaderNFC\Obj\stm32l4xx_hal.o
#        D:\HocLapTrinhViDieuKhien\HocLapTrinhSTM32\NUCLEO-L476RG\ReaderNFC\ReaderNFC\EWARM\ReaderNFC\Obj\stm32l4xx_hal_cortex.o
#        D:\HocLapTrinhViDieuKhien\HocLapTrinhSTM32\NUCLEO-L476RG\ReaderNFC\ReaderNFC\EWARM\ReaderNFC\Obj\stm32l4xx_hal_crc.o
#        D:\HocLapTrinhViDieuKhien\HocLapTrinhSTM32\NUCLEO-L476RG\ReaderNFC\ReaderNFC\EWARM\ReaderNFC\Obj\stm32l4xx_hal_crc_ex.o
#        D:\HocLapTrinhViDieuKhien\HocLapTrinhSTM32\NUCLEO-L476RG\ReaderNFC\ReaderNFC\EWARM\ReaderNFC\Obj\stm32l4xx_hal_dma.o
#        D:\HocLapTrinhViDieuKhien\HocLapTrinhSTM32\NUCLEO-L476RG\ReaderNFC\ReaderNFC\EWARM\ReaderNFC\Obj\stm32l4xx_hal_dma_ex.o
#        D:\HocLapTrinhViDieuKhien\HocLapTrinhSTM32\NUCLEO-L476RG\ReaderNFC\ReaderNFC\EWARM\ReaderNFC\Obj\stm32l4xx_hal_exti.o
#        D:\HocLapTrinhViDieuKhien\HocLapTrinhSTM32\NUCLEO-L476RG\ReaderNFC\ReaderNFC\EWARM\ReaderNFC\Obj\stm32l4xx_hal_flash.o
#        D:\HocLapTrinhViDieuKhien\HocLapTrinhSTM32\NUCLEO-L476RG\ReaderNFC\ReaderNFC\EWARM\ReaderNFC\Obj\stm32l4xx_hal_flash_ex.o
#        D:\HocLapTrinhViDieuKhien\HocLapTrinhSTM32\NUCLEO-L476RG\ReaderNFC\ReaderNFC\EWARM\ReaderNFC\Obj\stm32l4xx_hal_flash_ramfunc.o
#        D:\HocLapTrinhViDieuKhien\HocLapTrinhSTM32\NUCLEO-L476RG\ReaderNFC\ReaderNFC\EWARM\ReaderNFC\Obj\stm32l4xx_hal_gpio.o
#        D:\HocLapTrinhViDieuKhien\HocLapTrinhSTM32\NUCLEO-L476RG\ReaderNFC\ReaderNFC\EWARM\ReaderNFC\Obj\stm32l4xx_hal_i2c.o
#        D:\HocLapTrinhViDieuKhien\HocLapTrinhSTM32\NUCLEO-L476RG\ReaderNFC\ReaderNFC\EWARM\ReaderNFC\Obj\stm32l4xx_hal_i2c_ex.o
#        D:\HocLapTrinhViDieuKhien\HocLapTrinhSTM32\NUCLEO-L476RG\ReaderNFC\ReaderNFC\EWARM\ReaderNFC\Obj\stm32l4xx_hal_msp.o
#        D:\HocLapTrinhViDieuKhien\HocLapTrinhSTM32\NUCLEO-L476RG\ReaderNFC\ReaderNFC\EWARM\ReaderNFC\Obj\stm32l4xx_hal_pwr.o
#        D:\HocLapTrinhViDieuKhien\HocLapTrinhSTM32\NUCLEO-L476RG\ReaderNFC\ReaderNFC\EWARM\ReaderNFC\Obj\stm32l4xx_hal_pwr_ex.o
#        D:\HocLapTrinhViDieuKhien\HocLapTrinhSTM32\NUCLEO-L476RG\ReaderNFC\ReaderNFC\EWARM\ReaderNFC\Obj\stm32l4xx_hal_rcc.o
#        D:\HocLapTrinhViDieuKhien\HocLapTrinhSTM32\NUCLEO-L476RG\ReaderNFC\ReaderNFC\EWARM\ReaderNFC\Obj\stm32l4xx_hal_rcc_ex.o
#        D:\HocLapTrinhViDieuKhien\HocLapTrinhSTM32\NUCLEO-L476RG\ReaderNFC\ReaderNFC\EWARM\ReaderNFC\Obj\stm32l4xx_hal_spi.o
#        D:\HocLapTrinhViDieuKhien\HocLapTrinhSTM32\NUCLEO-L476RG\ReaderNFC\ReaderNFC\EWARM\ReaderNFC\Obj\stm32l4xx_hal_spi_ex.o
#        D:\HocLapTrinhViDieuKhien\HocLapTrinhSTM32\NUCLEO-L476RG\ReaderNFC\ReaderNFC\EWARM\ReaderNFC\Obj\stm32l4xx_hal_tim.o
#        D:\HocLapTrinhViDieuKhien\HocLapTrinhSTM32\NUCLEO-L476RG\ReaderNFC\ReaderNFC\EWARM\ReaderNFC\Obj\stm32l4xx_hal_tim_ex.o
#        D:\HocLapTrinhViDieuKhien\HocLapTrinhSTM32\NUCLEO-L476RG\ReaderNFC\ReaderNFC\EWARM\ReaderNFC\Obj\stm32l4xx_hal_uart.o
#        D:\HocLapTrinhViDieuKhien\HocLapTrinhSTM32\NUCLEO-L476RG\ReaderNFC\ReaderNFC\EWARM\ReaderNFC\Obj\stm32l4xx_hal_uart_ex.o
#        D:\HocLapTrinhViDieuKhien\HocLapTrinhSTM32\NUCLEO-L476RG\ReaderNFC\ReaderNFC\EWARM\ReaderNFC\Obj\stm32l4xx_it.o
#        D:\HocLapTrinhViDieuKhien\HocLapTrinhSTM32\NUCLEO-L476RG\ReaderNFC\ReaderNFC\EWARM\ReaderNFC\Obj\system_stm32l4xx.o
#        --redirect _Printf=_PrintfFull --redirect _Scanf=_ScanfFull
#        --no_out_extension -o
#        D:\HocLapTrinhViDieuKhien\HocLapTrinhSTM32\NUCLEO-L476RG\ReaderNFC\ReaderNFC\EWARM\ReaderNFC\Exe\ReaderNFC.out
#        --map
#        D:\HocLapTrinhViDieuKhien\HocLapTrinhSTM32\NUCLEO-L476RG\ReaderNFC\ReaderNFC\EWARM\ReaderNFC\List\ReaderNFC.map
#        --config
#        D:\HocLapTrinhViDieuKhien\HocLapTrinhSTM32\NUCLEO-L476RG\ReaderNFC\ReaderNFC\EWARM/stm32l476xx_flash.icf
#        --semihosting --entry __iar_program_start --vfe --text_out locale)
#
###############################################################################

*******************************************************************************
*** RUNTIME MODEL ATTRIBUTES
***

CppFlavor       = *
__SystemLibrary = DLib
__dlib_version  = 6


*******************************************************************************
*** HEAP SELECTION
***

The basic heap was selected because no calls to memory allocation
functions were found in the application outside of system library
functions, and there are calls to deallocation functions in the
application.


*******************************************************************************
*** PLACEMENT SUMMARY
***

"A0":  place at address 0x800'0000 { ro section .intvec };
"P1":  place in [from 0x800'0000 to 0x80f'ffff] { ro };
define block CSTACK with size = 1K, alignment = 8 { };
define block HEAP with size = 512, alignment = 8 { };
"P2":  place in [from 0x2000'0000 to 0x2001'7fff] {
          rw, block CSTACK, block HEAP };
"P3":  place in [from 0x2000'0000 to 0x2001'7fff] { };
initialize by copy { rw };

  Section            Kind         Address    Size  Object
  -------            ----         -------    ----  ------
"A0":                                       0x188
  .intvec            ro code   0x800'0000   0x188  startup_stm32l476xx.o [1]
                             - 0x800'0188   0x188

"P1":                                      0x31e8
  .text              ro code   0x800'0188   0x6ec  stm32l4xx_hal_rcc.o [1]
  .text              ro code   0x800'0874    0x44  stm32l4xx_hal.o [1]
  .text              ro code   0x800'08b8     0xc  stm32l4xx_hal.o [1]
  .text              ro code   0x800'08c4    0x84  stm32l4xx_hal_pwr_ex.o [1]
  .text              ro code   0x800'0948    0xc4  stm32l4xx_hal_cortex.o [1]
  .text              ro code   0x800'0a0c   0x59a  stm32l4xx_hal_uart.o [1]
  .text              ro code   0x800'0fa6    0x3a  zero_init3.o [4]
  .text              ro code   0x800'0fe0   0x1d4  stm32l4xx_hal_msp.o [1]
  .text              ro code   0x800'11b4   0x106  I64DivMod_small.o [4]
  .text              ro code   0x800'12ba    0x14  memset.o [4]
  .text              ro code   0x800'12ce    0x2e  copy_init3.o [4]
  .text              ro code   0x800'12fc   0x20c  stm32l4xx_hal_gpio.o [1]
  .text              ro code   0x800'1508     0x2  I64DivZer.o [4]
  .text              ro code   0x800'150c    0x66  ABImemset.o [4]
  .text              ro code   0x800'1574   0x350  main.o [1]
  .text              ro code   0x800'18c4    0x1e  stm32l4xx_hal.o [1]
  .text              ro code   0x800'18e4   0x380  stm32l4xx_hal_i2c.o [1]
  .text              ro code   0x800'1c64    0x7e  stm32l4xx_hal_i2c_ex.o [1]
  .text              ro code   0x800'1ce4   0x488  stm32l4xx_hal_spi.o [1]
  .text              ro code   0x800'216c   0x15a  stm32l4xx_hal_crc.o [1]
  .text              ro code   0x800'22c6    0x10  nfcm1833_module.o [1]
  .text              ro code   0x800'22d8    0xdc  i2c-lcd.o [1]
  .text              ro code   0x800'23b4    0x28  stm32l4xx_hal.o [1]
  .text              ro code   0x800'23dc   0x164  bcdencode.o [1]
  .text              ro code   0x800'2540    0x14  strlen_small.o [4]
  .text              ro code   0x800'2554   0x544  stm32l4xx_hal_rcc_ex.o [1]
  .text              ro code   0x800'2a98    0x4c  stm32l4xx_hal_crc_ex.o [1]
  .text              ro code   0x800'2ae4   0x354  nfcm1833tinz.o [1]
  .text              ro code   0x800'2e38     0x6  ABImemclr4.o [4]
  .text              ro code   0x800'2e40    0x18  ABImemcpy_small.o [4]
  .text              ro code   0x800'2e58    0x32  ABImemset48.o [4]
  .rodata            const     0x800'2e8c   0x200  nfcm1833tinz.o [1]
  .text              ro code   0x800'308c    0x5c  system_stm32l4xx.o [1]
  .rodata            const     0x800'30e8    0x30  system_stm32l4xx.o [1]
  .text              ro code   0x800'3118    0x28  data_init.o [4]
  .text              ro code   0x800'3140    0x22  fpinit_M.o [3]
  .iar.init_table    const     0x800'3164    0x24  - Linker created -
  .text              ro code   0x800'3188    0x1e  cmain.o [4]
  .text              ro code   0x800'31a6     0x4  low_level_init.o [2]
  .text              ro code   0x800'31aa     0x4  exit.o [2]
  .text              ro code   0x800'31b0     0xa  cexit.o [4]
  .text              ro code   0x800'31bc    0x14  exit.o [5]
  .text              ro code   0x800'31d0    0x1c  stm32l4xx_it.o [1]
  .text              ro code   0x800'31ec    0x10  stm32l4xx_hal.o [1]
  .text              ro code   0x800'31fc    0x10  startup_stm32l476xx.o [1]
  Initializer bytes  const     0x800'320c    0x10  <for P2-P3-1>
  .text              ro code   0x800'321c     0xc  cstartup_M.o [4]
  .rodata            const     0x800'3228     0x8  system_stm32l4xx.o [1]
  .text              ro code   0x800'3230     0x4  startup_stm32l476xx.o [1]
  .text              ro code   0x800'3234     0x4  startup_stm32l476xx.o [1]
  .text              ro code   0x800'3238     0x4  startup_stm32l476xx.o [1]
  .text              ro code   0x800'323c     0x4  startup_stm32l476xx.o [1]
  .text              ro code   0x800'3240     0x4  startup_stm32l476xx.o [1]
  .text              ro code   0x800'3244     0x4  startup_stm32l476xx.o [1]
  .text              ro code   0x800'3248     0x4  startup_stm32l476xx.o [1]
  .text              ro code   0x800'324c     0x4  startup_stm32l476xx.o [1]
  .text              ro code   0x800'3250     0x4  startup_stm32l476xx.o [1]
  .text              ro code   0x800'3254     0x4  startup_stm32l476xx.o [1]
  .text              ro code   0x800'3258     0x4  startup_stm32l476xx.o [1]
  .text              ro code   0x800'325c     0x4  startup_stm32l476xx.o [1]
  .text              ro code   0x800'3260     0x4  startup_stm32l476xx.o [1]
  .text              ro code   0x800'3264     0x4  startup_stm32l476xx.o [1]
  .text              ro code   0x800'3268     0x4  startup_stm32l476xx.o [1]
  .text              ro code   0x800'326c     0x4  startup_stm32l476xx.o [1]
  .text              ro code   0x800'3270     0x4  startup_stm32l476xx.o [1]
  .text              ro code   0x800'3274     0x4  startup_stm32l476xx.o [1]
  .text              ro code   0x800'3278     0x4  startup_stm32l476xx.o [1]
  .text              ro code   0x800'327c     0x4  startup_stm32l476xx.o [1]
  .text              ro code   0x800'3280     0x4  startup_stm32l476xx.o [1]
  .text              ro code   0x800'3284     0x4  startup_stm32l476xx.o [1]
  .text              ro code   0x800'3288     0x4  startup_stm32l476xx.o [1]
  .text              ro code   0x800'328c     0x4  startup_stm32l476xx.o [1]
  .text              ro code   0x800'3290     0x4  startup_stm32l476xx.o [1]
  .text              ro code   0x800'3294     0x4  startup_stm32l476xx.o [1]
  .text              ro code   0x800'3298     0x4  startup_stm32l476xx.o [1]
  .text              ro code   0x800'329c     0x4  startup_stm32l476xx.o [1]
  .text              ro code   0x800'32a0     0x4  startup_stm32l476xx.o [1]
  .text              ro code   0x800'32a4     0x4  startup_stm32l476xx.o [1]
  .text              ro code   0x800'32a8     0x4  startup_stm32l476xx.o [1]
  .text              ro code   0x800'32ac     0x4  startup_stm32l476xx.o [1]
  .text              ro code   0x800'32b0     0x4  startup_stm32l476xx.o [1]
  .text              ro code   0x800'32b4     0x4  startup_stm32l476xx.o [1]
  .text              ro code   0x800'32b8     0x4  startup_stm32l476xx.o [1]
  .text              ro code   0x800'32bc     0x4  startup_stm32l476xx.o [1]
  .text              ro code   0x800'32c0     0x4  startup_stm32l476xx.o [1]
  .text              ro code   0x800'32c4     0x4  startup_stm32l476xx.o [1]
  .text              ro code   0x800'32c8     0x4  startup_stm32l476xx.o [1]
  .text              ro code   0x800'32cc     0x4  startup_stm32l476xx.o [1]
  .text              ro code   0x800'32d0     0x4  startup_stm32l476xx.o [1]
  .text              ro code   0x800'32d4     0x4  startup_stm32l476xx.o [1]
  .text              ro code   0x800'32d8     0x4  startup_stm32l476xx.o [1]
  .text              ro code   0x800'32dc     0x4  startup_stm32l476xx.o [1]
  .text              ro code   0x800'32e0     0x4  startup_stm32l476xx.o [1]
  .text              ro code   0x800'32e4     0x4  startup_stm32l476xx.o [1]
  .text              ro code   0x800'32e8     0x4  startup_stm32l476xx.o [1]
  .text              ro code   0x800'32ec     0x4  startup_stm32l476xx.o [1]
  .text              ro code   0x800'32f0     0x4  startup_stm32l476xx.o [1]
  .text              ro code   0x800'32f4     0x4  startup_stm32l476xx.o [1]
  .text              ro code   0x800'32f8     0x4  startup_stm32l476xx.o [1]
  .text              ro code   0x800'32fc     0x4  startup_stm32l476xx.o [1]
  .text              ro code   0x800'3300     0x4  startup_stm32l476xx.o [1]
  .text              ro code   0x800'3304     0x4  startup_stm32l476xx.o [1]
  .text              ro code   0x800'3308     0x4  startup_stm32l476xx.o [1]
  .text              ro code   0x800'330c     0x4  startup_stm32l476xx.o [1]
  .text              ro code   0x800'3310     0x4  startup_stm32l476xx.o [1]
  .text              ro code   0x800'3314     0x4  startup_stm32l476xx.o [1]
  .text              ro code   0x800'3318     0x4  startup_stm32l476xx.o [1]
  .text              ro code   0x800'331c     0x4  startup_stm32l476xx.o [1]
  .text              ro code   0x800'3320     0x4  startup_stm32l476xx.o [1]
  .text              ro code   0x800'3324     0x4  startup_stm32l476xx.o [1]
  .text              ro code   0x800'3328     0x4  startup_stm32l476xx.o [1]
  .text              ro code   0x800'332c     0x4  startup_stm32l476xx.o [1]
  .text              ro code   0x800'3330     0x4  startup_stm32l476xx.o [1]
  .text              ro code   0x800'3334     0x4  startup_stm32l476xx.o [1]
  .text              ro code   0x800'3338     0x4  startup_stm32l476xx.o [1]
  .text              ro code   0x800'333c     0x4  startup_stm32l476xx.o [1]
  .text              ro code   0x800'3340     0x4  startup_stm32l476xx.o [1]
  .text              ro code   0x800'3344     0x4  startup_stm32l476xx.o [1]
  .text              ro code   0x800'3348     0x4  startup_stm32l476xx.o [1]
  .text              ro code   0x800'334c     0x4  startup_stm32l476xx.o [1]
  .text              ro code   0x800'3350     0x4  startup_stm32l476xx.o [1]
  .text              ro code   0x800'3354     0x4  startup_stm32l476xx.o [1]
  .text              ro code   0x800'3358     0x4  startup_stm32l476xx.o [1]
  .text              ro code   0x800'335c     0x4  startup_stm32l476xx.o [1]
  .text              ro code   0x800'3360     0x4  startup_stm32l476xx.o [1]
  .text              ro code   0x800'3364     0x4  startup_stm32l476xx.o [1]
  .text              ro code   0x800'3368     0x4  startup_stm32l476xx.o [1]
  .text              ro code   0x800'336c     0x4  startup_stm32l476xx.o [1]
  .rodata            const     0x800'3370     0x0  zero_init3.o [4]
  .rodata            const     0x800'3370     0x0  copy_init3.o [4]
                             - 0x800'3370  0x31e8

"P2-P3", part 1 of 3:                        0x10
  P2-P3-1                     0x2000'0000    0x10  <Init block>
    .data            inited   0x2000'0000     0xc  stm32l4xx_hal.o [1]
    .data            inited   0x2000'000c     0x4  system_stm32l4xx.o [1]
                            - 0x2000'0010    0x10

"P2-P3", part 2 of 3:                       0x1ec
  .bss               zero     0x2000'0010   0x16c  main.o [1]
  .bss               zero     0x2000'017c    0x80  main.o [1]
                            - 0x2000'01fc   0x1ec

"P2-P3", part 3 of 3:                       0x400
  CSTACK                      0x2000'0200   0x400  <Block>
    CSTACK           uninit   0x2000'0200   0x400  <Block tail>
                            - 0x2000'0600   0x400

Unused ranges:

         From           To      Size
         ----           --      ----
   0x800'3370   0x80f'ffff  0xf'cc90
  0x2000'01fc  0x2000'01ff       0x4
  0x2000'0600  0x2001'7fff  0x1'7a00


*******************************************************************************
*** INIT TABLE
***

          Address      Size
          -------      ----
Zero (__iar_zero_init3)
    1 destination range, total size 0x1ec:
          0x2000'0010  0x1ec

Copy (__iar_copy_init3)
    1 source range, total size 0x10:
           0x800'320c   0x10
    1 destination range, total size 0x10:
          0x2000'0000   0x10



*******************************************************************************
*** MODULE SUMMARY
***

    Module                  ro code  ro data  rw data
    ------                  -------  -------  -------
command line/config:
    -------------------------------------------------
    Total:

D:\HocLapTrinhViDieuKhien\HocLapTrinhSTM32\NUCLEO-L476RG\ReaderNFC\ReaderNFC\EWARM\ReaderNFC\Obj: [1]
    bcdencode.o                 356
    i2c-lcd.o                   220
    main.o                      848               492
    nfcm1833_module.o            16
    nfcm1833tinz.o              852      512
    startup_stm32l476xx.o       728
    stm32l4xx_hal.o             166       12       12
    stm32l4xx_hal_cortex.o      196
    stm32l4xx_hal_crc.o         346
    stm32l4xx_hal_crc_ex.o       76
    stm32l4xx_hal_gpio.o        524
    stm32l4xx_hal_i2c.o         896
    stm32l4xx_hal_i2c_ex.o      126
    stm32l4xx_hal_msp.o         468
    stm32l4xx_hal_pwr_ex.o      132
    stm32l4xx_hal_rcc.o       1'772
    stm32l4xx_hal_rcc_ex.o    1'348
    stm32l4xx_hal_spi.o       1'160
    stm32l4xx_hal_uart.o      1'434
    stm32l4xx_it.o               28
    system_stm32l4xx.o           92       60        4
    -------------------------------------------------
    Total:                   11'784      584      508

dl7M_tln.a: [2]
    exit.o                        4
    low_level_init.o              4
    -------------------------------------------------
    Total:                        8

m7M_tls.a: [3]
    fpinit_M.o                   34
    -------------------------------------------------
    Total:                       34

rt7M_tl.a: [4]
    ABImemclr4.o                  6
    ABImemcpy_small.o            24
    ABImemset.o                 102
    ABImemset48.o                50
    I64DivMod_small.o           262
    I64DivZer.o                   2
    cexit.o                      10
    cmain.o                      30
    copy_init3.o                 46
    cstartup_M.o                 12
    data_init.o                  40
    memset.o                     20
    strlen_small.o               20
    zero_init3.o                 58
    -------------------------------------------------
    Total:                      682

shb_l.a: [5]
    exit.o                       20
    -------------------------------------------------
    Total:                       20

    Gaps                         16        4
    Linker created                        36    1'024
-----------------------------------------------------
    Grand Total:             12'544      624    1'532


*******************************************************************************
*** ENTRY LIST
***

Entry                       Address   Size  Type      Object
-----                       -------   ----  ----      ------
.iar.init_table$$Base    0x800'3164          --   Gb  - Linker created -
.iar.init_table$$Limit   0x800'3188          --   Gb  - Linker created -
?main                    0x800'3189         Code  Gb  cmain.o [4]
AHBPrescTable            0x800'30d8   0x10  Data  Gb  system_stm32l4xx.o [1]
APBPrescTable            0x800'3228    0x8  Data  Gb  system_stm32l4xx.o [1]
BusFault_Handler         0x800'31d7    0x2  Code  Gb  stm32l4xx_it.o [1]
CRC_Handle_16            0x800'2299   0x2e  Code  Lc  stm32l4xx_hal_crc.o [1]
CRC_Handle_8             0x800'2231   0x68  Code  Lc  stm32l4xx_hal_crc.o [1]
CSTACK$$Base            0x2000'0200          --   Gb  - Linker created -
CSTACK$$Limit           0x2000'0600          --   Gb  - Linker created -
DebugMon_Handler         0x800'31dd    0x2  Code  Gb  stm32l4xx_it.o [1]
EXTI15_10_IRQHandler     0x800'31e5    0x8  Code  Gb  stm32l4xx_it.o [1]
HAL_CRCEx_Polynomial_Set
                         0x800'2a99   0x4c  Code  Gb  stm32l4xx_hal_crc_ex.o [1]
HAL_CRC_Calculate        0x800'21e9   0x42  Code  Gb  stm32l4xx_hal_crc.o [1]
HAL_CRC_Init             0x800'216d   0x76  Code  Gb  stm32l4xx_hal_crc.o [1]
HAL_CRC_MspInit          0x800'100d   0x22  Code  Gb  stm32l4xx_hal_msp.o [1]
HAL_Delay                0x800'23b5   0x28  Code  Wk  stm32l4xx_hal.o [1]
HAL_GPIO_EXTI_Callback   0x800'1789   0x3a  Code  Gb  main.o [1]
HAL_GPIO_EXTI_IRQHandler
                         0x800'14cf   0x10  Code  Gb  stm32l4xx_hal_gpio.o [1]
HAL_GPIO_Init            0x800'12fd  0x1bc  Code  Gb  stm32l4xx_hal_gpio.o [1]
HAL_GPIO_ReadPin         0x800'14b9    0xc  Code  Gb  stm32l4xx_hal_gpio.o [1]
HAL_GPIO_WritePin        0x800'14c5    0xa  Code  Gb  stm32l4xx_hal_gpio.o [1]
HAL_GetTick              0x800'08b9    0xc  Code  Wk  stm32l4xx_hal.o [1]
HAL_I2CEx_ConfigAnalogFilter
                         0x800'1c65   0x2a  Code  Gb  stm32l4xx_hal_i2c_ex.o [1]
HAL_I2CEx_ConfigDigitalFilter
                         0x800'1c8f   0x26  Code  Gb  stm32l4xx_hal_i2c_ex.o [1]
HAL_I2C_Init             0x800'18e5   0xa0  Code  Gb  stm32l4xx_hal_i2c.o [1]
HAL_I2C_Master_Transmit
                         0x800'1995   0x8c  Code  Gb  stm32l4xx_hal_i2c.o [1]
HAL_I2C_MspInit          0x800'102f   0x5e  Code  Gb  stm32l4xx_hal_msp.o [1]
HAL_IncTick              0x800'31ed   0x10  Code  Wk  stm32l4xx_hal.o [1]
HAL_Init                 0x800'18c5   0x1e  Code  Gb  stm32l4xx_hal.o [1]
HAL_InitTick             0x800'0875   0x44  Code  Wk  stm32l4xx_hal.o [1]
HAL_MspInit              0x800'0fe1   0x2c  Code  Gb  stm32l4xx_hal_msp.o [1]
HAL_NVIC_EnableIRQ       0x800'09b7   0x16  Code  Gb  stm32l4xx_hal_cortex.o [1]
HAL_NVIC_SetPriority     0x800'097d   0x3a  Code  Gb  stm32l4xx_hal_cortex.o [1]
HAL_NVIC_SetPriorityGrouping
                         0x800'0963   0x1a  Code  Gb  stm32l4xx_hal_cortex.o [1]
HAL_PWREx_ControlVoltageScaling
                         0x800'08d1   0x5c  Code  Gb  stm32l4xx_hal_pwr_ex.o [1]
HAL_PWREx_GetVoltageRange
                         0x800'08c5    0xc  Code  Gb  stm32l4xx_hal_pwr_ex.o [1]
HAL_RCCEx_PeriphCLKConfig
                         0x800'2555  0x31e  Code  Gb  stm32l4xx_hal_rcc_ex.o [1]
HAL_RCC_ClockConfig      0x800'05f3  0x100  Code  Gb  stm32l4xx_hal_rcc.o [1]
HAL_RCC_GetPCLK1Freq     0x800'0799   0x10  Code  Gb  stm32l4xx_hal_rcc.o [1]
HAL_RCC_GetPCLK2Freq     0x800'07a9    0xe  Code  Gb  stm32l4xx_hal_rcc.o [1]
HAL_RCC_GetSysClockFreq
                         0x800'0707   0x92  Code  Gb  stm32l4xx_hal_rcc.o [1]
HAL_RCC_OscConfig        0x800'0189  0x43e  Code  Gb  stm32l4xx_hal_rcc.o [1]
HAL_SPI_Init             0x800'1ce5   0xa2  Code  Gb  stm32l4xx_hal_spi.o [1]
HAL_SPI_MspInit          0x800'108d    0x4  Code  Gb  stm32l4xx_hal_msp.o [1]
HAL_SPI_TransmitReceive
                         0x800'1d9d  0x1fe  Code  Gb  stm32l4xx_hal_spi.o [1]
HAL_SYSTICK_Config       0x800'09cd   0x28  Code  Gb  stm32l4xx_hal_cortex.o [1]
HAL_UART_Init            0x800'0a0d   0x30  Code  Gb  stm32l4xx_hal_uart.o [1]
HAL_UART_MspInit         0x800'1103   0x5e  Code  Gb  stm32l4xx_hal_msp.o [1]
HAL_UART_Transmit        0x800'0a8d   0xb8  Code  Gb  stm32l4xx_hal_uart.o [1]
HardFault_Handler        0x800'31d3    0x2  Code  Gb  stm32l4xx_it.o [1]
I2C_Flush_TXDR           0x800'1ae5   0x1c  Code  Lc  stm32l4xx_hal_i2c.o [1]
I2C_IsAcknowledgeFailed
                         0x800'1bcb   0x6c  Code  Lc  stm32l4xx_hal_i2c.o [1]
I2C_TransferConfig       0x800'1c37   0x22  Code  Lc  stm32l4xx_hal_i2c.o [1]
I2C_WaitOnFlagUntilTimeout
                         0x800'1b01   0x42  Code  Lc  stm32l4xx_hal_i2c.o [1]
I2C_WaitOnSTOPFlagUntilTimeout
                         0x800'1b93   0x30  Code  Lc  stm32l4xx_hal_i2c.o [1]
I2C_WaitOnTXISFlagUntilTimeout
                         0x800'1b43   0x38  Code  Lc  stm32l4xx_hal_i2c.o [1]
MSIRangeTable            0x800'30e8   0x30  Data  Gb  system_stm32l4xx.o [1]
MemManage_Handler        0x800'31d5    0x2  Code  Gb  stm32l4xx_it.o [1]
NMI_Handler              0x800'31d1    0x2  Code  Gb  stm32l4xx_it.o [1]
PendSV_Handler           0x800'31df    0x2  Code  Gb  stm32l4xx_it.o [1]
RCCEx_PLLSAI1_Config     0x800'288d   0xe6  Code  Lc  stm32l4xx_hal_rcc_ex.o [1]
RCCEx_PLLSAI2_Config     0x800'2979   0xce  Code  Lc  stm32l4xx_hal_rcc_ex.o [1]
RCC_SetFlashLatencyFromMSIRange
                         0x800'07c1   0x74  Code  Lc  stm32l4xx_hal_rcc.o [1]
Region$$Table$$Base      0x800'3164          --   Gb  - Linker created -
Region$$Table$$Limit     0x800'3188          --   Gb  - Linker created -
SPI_EndRxTxTransaction   0x800'2125   0x2e  Code  Lc  stm32l4xx_hal_spi.o [1]
SPI_WaitFifoStateUntilTimeout
                         0x800'2083   0x8a  Code  Lc  stm32l4xx_hal_spi.o [1]
SPI_WaitFlagStateUntilTimeout
                         0x800'1ffd   0x86  Code  Lc  stm32l4xx_hal_spi.o [1]
SVC_Handler              0x800'31db    0x2  Code  Gb  stm32l4xx_it.o [1]
SysTick_Handler          0x800'31e1    0x4  Code  Gb  stm32l4xx_it.o [1]
SystemClock_Config       0x800'1809   0x84  Code  Gb  main.o [1]
SystemCoreClock         0x2000'000c    0x4  Data  Gb  system_stm32l4xx.o [1]
SystemInit               0x800'308d   0x3c  Code  Gb  system_stm32l4xx.o [1]
UART_AdvFeatureConfig    0x800'0df9   0xc6  Code  Gb  stm32l4xx_hal_uart.o [1]
UART_CheckIdleState      0x800'0ebf   0x5a  Code  Gb  stm32l4xx_hal_uart.o [1]
UART_SetConfig           0x800'0b45  0x276  Code  Gb  stm32l4xx_hal_uart.o [1]
UART_WaitOnFlagUntilTimeout
                         0x800'0f19   0x78  Code  Gb  stm32l4xx_hal_uart.o [1]
UsageFault_Handler       0x800'31d9    0x2  Code  Gb  stm32l4xx_it.o [1]
WakeUp_CR95HF            0x800'22d3    0x4  Code  Gb  nfcm1833_module.o [1]
WakeUp_TinZ              0x800'2db9   0x62  Code  Gb  nfcm1833tinz.o [1]
__NVIC_SetPriority       0x800'0949   0x1a  Code  Lc  stm32l4xx_hal_cortex.o [1]
__aeabi_ldiv0            0x800'1509         Code  Gb  I64DivZer.o [4]
__aeabi_memclr4          0x800'2e39         Code  Gb  ABImemclr4.o [4]
__aeabi_memset           0x800'150d         Code  Gb  ABImemset.o [4]
__cmain                  0x800'3189         Code  Gb  cmain.o [4]
__exit                   0x800'31bd   0x14  Code  Gb  exit.o [5]
__iar_Memset             0x800'150d         Code  Gb  ABImemset.o [4]
__iar_Memset4_word       0x800'2e59         Code  Gb  ABImemset48.o [4]
__iar_Memset8_word       0x800'2e59         Code  Gb  ABImemset48.o [4]
__iar_Memset_word        0x800'1515         Code  Gb  ABImemset.o [4]
__iar_copy_init3         0x800'12cf   0x2e  Code  Gb  copy_init3.o [4]
__iar_data_init3         0x800'3119   0x28  Code  Gb  data_init.o [4]
__iar_init_vfp           0x800'3141         Code  Gb  fpinit_M.o [3]
__iar_program_start      0x800'321d         Code  Gb  cstartup_M.o [4]
__iar_small_Memcpy       0x800'2e45         Code  Gb  ABImemcpy_small.o [4]
__iar_small_memcpy       0x800'2e41         Code  Gb  ABImemcpy_small.o [4]
__iar_small_memcpy4      0x800'2e41         Code  Gb  ABImemcpy_small.o [4]
__iar_small_memcpy8      0x800'2e41         Code  Gb  ABImemcpy_small.o [4]
__iar_small_strlen       0x800'2541         Code  Gb  strlen_small.o [4]
__iar_small_uldivmod     0x800'11b5         Code  Gb  I64DivMod_small.o [4]
__iar_zero_init3         0x800'0fa7   0x3a  Code  Gb  zero_init3.o [4]
__low_level_init         0x800'31a7    0x4  Code  Gb  low_level_init.o [2]
__vector_table           0x800'0000         Data  Gb  startup_stm32l476xx.o [1]
_call_main               0x800'3195         Code  Gb  cmain.o [4]
_exit                    0x800'31b1         Code  Gb  cexit.o [4]
_main                    0x800'31a3         Code  Gb  cmain.o [4]
crcx25                   0x800'2d95   0x18  Code  Lc  nfcm1833tinz.o [1]
display                  0x800'17c3   0x1a  Code  Gb  main.o [1]
encode4byte              0x800'23dd   0x7c  Code  Gb  bcdencode.o [1]
encode8byte_little_edian
                         0x800'2459   0xd6  Code  Gb  bcdencode.o [1]
exit                     0x800'31ab    0x4  Code  Gb  exit.o [2]
getDeviceID              0x800'22cf    0x4  Code  Gb  nfcm1833_module.o [1]
getDeviceID_spi          0x800'2d61   0x32  Code  Gb  nfcm1833tinz.o [1]
hcrc                    0x2000'0018   0x24  Data  Gb  main.o [1]
hi2c1                   0x2000'0130   0x4c  Data  Gb  main.o [1]
huart1                  0x2000'017c   0x80  Data  Gb  main.o [1]
huart2                  0x2000'00b0   0x80  Data  Gb  main.o [1]
idTag                   0x2000'0010    0x8  Data  Gb  main.o [1]
idTagBCD                0x2000'003c   0x10  Data  Gb  main.o [1]
lcd_clear_display        0x800'23a1    0x4  Code  Gb  i2c-lcd.o [1]
lcd_goto_XY              0x800'23a5   0x10  Code  Gb  i2c-lcd.o [1]
lcd_init                 0x800'2339   0x4c  Code  Gb  i2c-lcd.o [1]
lcd_send_cmd             0x800'22d9   0x22  Code  Gb  i2c-lcd.o [1]
lcd_send_data            0x800'22fb   0x20  Code  Gb  i2c-lcd.o [1]
lcd_send_string          0x800'238b   0x16  Code  Gb  i2c-lcd.o [1]
main                     0x800'1575  0x200  Code  Gb  main.o [1]
memset                   0x800'12bb   0x14  Code  Gb  memset.o [4]
ping_module              0x800'22cb    0x4  Code  Gb  nfcm1833_module.o [1]
ping_module_spi          0x800'2c27   0x40  Code  Gb  nfcm1833tinz.o [1]
select_tag_type          0x800'22c7    0x4  Code  Gb  nfcm1833_module.o [1]
select_tag_type_spi      0x800'2c69   0x66  Code  Gb  nfcm1833tinz.o [1]
sendrecv_spi             0x800'2ccf   0x88  Code  Gb  nfcm1833tinz.o [1]
spi_polling_data_cr95hf
                         0x800'2b3d   0x66  Code  Lc  nfcm1833tinz.o [1]
spi_recv_data_from_cr95hf
                         0x800'2baf   0x64  Code  Lc  nfcm1833tinz.o [1]
spi_send_data_to_cr95hf
                         0x800'2ae5   0x58  Code  Lc  nfcm1833tinz.o [1]
spi_to_nfcm1833tinz     0x2000'004c   0x64  Data  Gb  main.o [1]
uwTick                  0x2000'0000    0x4  Data  Gb  stm32l4xx_hal.o [1]
uwTickFreq              0x2000'0008    0x4  Data  Gb  stm32l4xx_hal.o [1]
uwTickPrio              0x2000'0004    0x4  Data  Gb  stm32l4xx_hal.o [1]


[1] = D:\HocLapTrinhViDieuKhien\HocLapTrinhSTM32\NUCLEO-L476RG\ReaderNFC\ReaderNFC\EWARM\ReaderNFC\Obj
[2] = dl7M_tln.a
[3] = m7M_tls.a
[4] = rt7M_tl.a
[5] = shb_l.a

  12'544 bytes of readonly  code memory
     624 bytes of readonly  data memory
   1'532 bytes of readwrite data memory

Errors: none
Warnings: none
